spun.c
common/memory.c
common/file.c
spun_messages.asm
browser.asm
help.asm
gui/isr.asm
gui/im2_save.asm
gui/im2_on.asm
gui/im2_off.asm
gui/bank5_move.c
gui/tiles_give.c
gui/os_mapping.c
gui/sprites_load.c
gui/pointer_hide.c
gui/tm_blank.c
gui/tm_text.c
gui/tm_attr.c
gui/input_poll.c
gui/button_draw.c
gui/button_at.c
gui/button_key.c
gui/message_show.c
gui/tm_cut.c
gui/title_draw.c
gui/modal_ask.c
gui/os_give.c
gui/os_take.c
gui/os_call.c
gui/gui_suspend.c
gui/gui_resume.c
gui/ula_store.c
gui/ula_restore.c
gui/gui_end.c
gui/progress.c
gui/layer2_reserve.c
gui/gui_alloc.c
gui/gui_free.c
gui/app_data.c
gui/gui_open.c
gui/gui_close.c
gui/spun_gui.c
../../vendor/NBNtools/clients/common/messages.asm
../../vendor/NBNtools/clients/common/nbn_pages.c
../unzip/unzip_pages.c
../unzip/unzip_stub.asm
../unzip/inflate_pages.asm.m4
TMP/BANK_net.o
TMP/BANK_net_nbn.o
TMP/BANK_packages.o
TMP/BANK_gui.o
TMP/BANK_screen.o
TMP/BANK_sprites.o
TMP/BANK_app.o
